// Vitest Snapshot v1, https://vitest.dev/guide/snapshot.html

exports[`add(1, 1) 1`] = `2`;

exports[`add(1, 2) 1`] = `3`;

exports[`add(2, 1) 1`] = `3`;
